{
  "version": "1.5.0",
  "plugins_used": [
    {
      "name": "ArtifactoryDetector"
    },
    {
      "name": "AWSKeyDetector"
    },
    {
      "name": "AzureStorageKeyDetector"
    },
    {
      "name": "Base64HighEntropyString",
      "limit": 4.5
    },
    {
      "name": "BasicAuthDetector"
    },
    {
      "name": "CloudantDetector"
    },
    {
      "name": "DiscordBotTokenDetector"
    },
    {
      "name": "GitHubTokenDetector"
    },
    {
      "name": "GitLabTokenDetector"
    },
    {
      "name": "HexHighEntropyString",
      "limit": 3.0
    },
    {
      "name": "IbmCloudIamDetector"
    },
    {
      "name": "IbmCosHmacDetector"
    },
    {
      "name": "IPPublicDetector"
    },
    {
      "name": "JwtTokenDetector"
    },
    {
      "name": "KeywordDetector",
      "keyword_exclude": ""
    },
    {
      "name": "MailchimpDetector"
    },
    {
      "name": "NpmDetector"
    },
    {
      "name": "OpenAIDetector"
    },
    {
      "name": "PrivateKeyDetector"
    },
    {
      "name": "PypiTokenDetector"
    },
    {
      "name": "SendGridDetector"
    },
    {
      "name": "SlackDetector"
    },
    {
      "name": "SoftlayerDetector"
    },
    {
      "name": "SquareOAuthDetector"
    },
    {
      "name": "StripeDetector"
    },
    {
      "name": "TelegramBotTokenDetector"
    },
    {
      "name": "TwilioKeyDetector"
    }
  ],
  "filters_used": [
    {
      "path": "detect_secrets.filters.allowlist.is_line_allowlisted"
    },
    {
      "path": "detect_secrets.filters.common.is_baseline_file",
      "filename": ".secrets.baseline"
    },
    {
      "path": "detect_secrets.filters.common.is_ignored_due_to_verification_policies",
      "min_level": 2
    },
    {
      "path": "detect_secrets.filters.heuristic.is_indirect_reference"
    },
    {
      "path": "detect_secrets.filters.heuristic.is_likely_id_string"
    },
    {
      "path": "detect_secrets.filters.heuristic.is_lock_file"
    },
    {
      "path": "detect_secrets.filters.heuristic.is_not_alphanumeric_string"
    },
    {
      "path": "detect_secrets.filters.heuristic.is_potential_uuid"
    },
    {
      "path": "detect_secrets.filters.heuristic.is_prefixed_with_dollar_sign"
    },
    {
      "path": "detect_secrets.filters.heuristic.is_sequential_string"
    },
    {
      "path": "detect_secrets.filters.heuristic.is_swagger_file"
    },
    {
      "path": "detect_secrets.filters.heuristic.is_templated_secret"
    }
  ],
  "results": {
    "README.md": [
      {
        "type": "Secret Keyword",
        "filename": "README.md",
        "hashed_secret": "eeb7f851dfdec7a9f083802e5454d0c98fa9d616",
        "is_verified": false,
        "line_number": 471
      }
    ],
    "src/secure_string_cipher/audit_log.py": [
      {
        "type": "Secret Keyword",
        "filename": "src/secure_string_cipher/audit_log.py",
        "hashed_secret": "6e51b896b486b1aaf34d78d182310b834a90da95",
        "is_verified": false,
        "line_number": 49
      }
    ],
    "src/secure_string_cipher/cli_args.py": [
      {
        "type": "Secret Keyword",
        "filename": "src/secure_string_cipher/cli_args.py",
        "hashed_secret": "5baa61e4c9b93f3f0682250b6cf8331b7ee68fd8",
        "is_verified": false,
        "line_number": 636
      }
    ],
    "tests/fixtures/v2/combined_grant_header.json": [
      {
        "type": "Base64 High Entropy String",
        "filename": "tests/fixtures/v2/combined_grant_header.json",
        "hashed_secret": "6771ae3d5ca7ce0a90c45ea4e74e2145daa7b4a9",
        "is_verified": false,
        "line_number": 36
      },
      {
        "type": "Base64 High Entropy String",
        "filename": "tests/fixtures/v2/combined_grant_header.json",
        "hashed_secret": "c0ea58733367b0e1b84bbeca093c67a1af3c0f72",
        "is_verified": false,
        "line_number": 54
      },
      {
        "type": "Base64 High Entropy String",
        "filename": "tests/fixtures/v2/combined_grant_header.json",
        "hashed_secret": "83c5c123f1c70e9b87546dbac16e49269c566021",
        "is_verified": false,
        "line_number": 56
      }
    ],
    "tests/fixtures/v2/managed_key_grant_header.json": [
      {
        "type": "Base64 High Entropy String",
        "filename": "tests/fixtures/v2/managed_key_grant_header.json",
        "hashed_secret": "6771ae3d5ca7ce0a90c45ea4e74e2145daa7b4a9",
        "is_verified": false,
        "line_number": 27
      },
      {
        "type": "Base64 High Entropy String",
        "filename": "tests/fixtures/v2/managed_key_grant_header.json",
        "hashed_secret": "28ac1432b98bb7ac80e0182e16495a172ceb66cf",
        "is_verified": false,
        "line_number": 40
      },
      {
        "type": "Base64 High Entropy String",
        "filename": "tests/fixtures/v2/managed_key_grant_header.json",
        "hashed_secret": "3e4f4f1f41ccec4b1a79725334b7c2906ae7de85",
        "is_verified": false,
        "line_number": 42
      }
    ],
    "tests/fixtures/v2/manifest.json": [
      {
        "type": "Base64 High Entropy String",
        "filename": "tests/fixtures/v2/manifest.json",
        "hashed_secret": "1f1963c82bf50b12e18d62b01849b075de2ee57b",
        "is_verified": false,
        "line_number": 7
      },
      {
        "type": "Secret Keyword",
        "filename": "tests/fixtures/v2/manifest.json",
        "hashed_secret": "93bdaf3e3a31545f5158daf319b2c0743831528a",
        "is_verified": false,
        "line_number": 12
      },
      {
        "type": "Base64 High Entropy String",
        "filename": "tests/fixtures/v2/manifest.json",
        "hashed_secret": "6b71610d81dd6b72c7fe9f9ef8cb72ce2b028998",
        "is_verified": false,
        "line_number": 19
      },
      {
        "type": "Secret Keyword",
        "filename": "tests/fixtures/v2/manifest.json",
        "hashed_secret": "cbfdac6008f9cab4083784cbd1874f76618d2a97",
        "is_verified": false,
        "line_number": 24
      },
      {
        "type": "Base64 High Entropy String",
        "filename": "tests/fixtures/v2/manifest.json",
        "hashed_secret": "5f4ab4e55739084b3ecddefd7043a222fd0a117e",
        "is_verified": false,
        "line_number": 28
      },
      {
        "type": "Base64 High Entropy String",
        "filename": "tests/fixtures/v2/manifest.json",
        "hashed_secret": "357bd2c78a4123bd227d21b12c6fb49a8b1c0489",
        "is_verified": false,
        "line_number": 29
      },
      {
        "type": "Base64 High Entropy String",
        "filename": "tests/fixtures/v2/manifest.json",
        "hashed_secret": "11e179e18154e84da606b19f81338118b59ecdd6",
        "is_verified": false,
        "line_number": 30
      },
      {
        "type": "Base64 High Entropy String",
        "filename": "tests/fixtures/v2/manifest.json",
        "hashed_secret": "b7afc074000df283d75b3e9bdcae1e74d8eb9dd3",
        "is_verified": false,
        "line_number": 31
      },
      {
        "type": "Base64 High Entropy String",
        "filename": "tests/fixtures/v2/manifest.json",
        "hashed_secret": "c2b8d72794293b895228d968df60ccbc335744eb",
        "is_verified": false,
        "line_number": 33
      },
      {
        "type": "Base64 High Entropy String",
        "filename": "tests/fixtures/v2/manifest.json",
        "hashed_secret": "9879697daa877a60fd417b50458aa519d5338a3d",
        "is_verified": false,
        "line_number": 34
      },
      {
        "type": "Secret Keyword",
        "filename": "tests/fixtures/v2/manifest.json",
        "hashed_secret": "c0d56b57fe3b2a9b8fd42e4d0651cc92f34bd6bc",
        "is_verified": false,
        "line_number": 92
      },
      {
        "type": "Base64 High Entropy String",
        "filename": "tests/fixtures/v2/manifest.json",
        "hashed_secret": "6771ae3d5ca7ce0a90c45ea4e74e2145daa7b4a9",
        "is_verified": false,
        "line_number": 93
      },
      {
        "type": "Base64 High Entropy String",
        "filename": "tests/fixtures/v2/manifest.json",
        "hashed_secret": "86ad4e2505ec5e08b32767d81a8833e6d0768015",
        "is_verified": false,
        "line_number": 96
      },
      {
        "type": "Base64 High Entropy String",
        "filename": "tests/fixtures/v2/manifest.json",
        "hashed_secret": "c43fffaabb8cdac42fc9a627ff6ef91ecf56b36a",
        "is_verified": false,
        "line_number": 97
      },
      {
        "type": "Base64 High Entropy String",
        "filename": "tests/fixtures/v2/manifest.json",
        "hashed_secret": "8c104dcc27b6b6efd83a0c692ba6f699904371da",
        "is_verified": false,
        "line_number": 98
      },
      {
        "type": "Base64 High Entropy String",
        "filename": "tests/fixtures/v2/manifest.json",
        "hashed_secret": "3e4f4f1f41ccec4b1a79725334b7c2906ae7de85",
        "is_verified": false,
        "line_number": 99
      },
      {
        "type": "Base64 High Entropy String",
        "filename": "tests/fixtures/v2/manifest.json",
        "hashed_secret": "28ac1432b98bb7ac80e0182e16495a172ceb66cf",
        "is_verified": false,
        "line_number": 101
      },
      {
        "type": "Base64 High Entropy String",
        "filename": "tests/fixtures/v2/manifest.json",
        "hashed_secret": "959143a45010b517674c7ec6fec66df8bc5d78b0",
        "is_verified": false,
        "line_number": 102
      },
      {
        "type": "Base64 High Entropy String",
        "filename": "tests/fixtures/v2/manifest.json",
        "hashed_secret": "8be4ff184d6e85d3f584cb1f50cfc318e3214001",
        "is_verified": false,
        "line_number": 157
      },
      {
        "type": "Base64 High Entropy String",
        "filename": "tests/fixtures/v2/manifest.json",
        "hashed_secret": "4d4326c578aac00cd623f09c66b60226f9a22149",
        "is_verified": false,
        "line_number": 158
      },
      {
        "type": "Base64 High Entropy String",
        "filename": "tests/fixtures/v2/manifest.json",
        "hashed_secret": "cc67280fb6ea561a58260da1578fcb69af3c82e1",
        "is_verified": false,
        "line_number": 159
      },
      {
        "type": "Base64 High Entropy String",
        "filename": "tests/fixtures/v2/manifest.json",
        "hashed_secret": "9387e025e6cc5f506e84bef69829bda2c5acbd02",
        "is_verified": false,
        "line_number": 160
      },
      {
        "type": "Base64 High Entropy String",
        "filename": "tests/fixtures/v2/manifest.json",
        "hashed_secret": "7f8ef60e747b430ebc2c04aa8075d77ce7ecbcaf",
        "is_verified": false,
        "line_number": 161
      },
      {
        "type": "Base64 High Entropy String",
        "filename": "tests/fixtures/v2/manifest.json",
        "hashed_secret": "83c5c123f1c70e9b87546dbac16e49269c566021",
        "is_verified": false,
        "line_number": 162
      },
      {
        "type": "Base64 High Entropy String",
        "filename": "tests/fixtures/v2/manifest.json",
        "hashed_secret": "c0ea58733367b0e1b84bbeca093c67a1af3c0f72",
        "is_verified": false,
        "line_number": 164
      },
      {
        "type": "Base64 High Entropy String",
        "filename": "tests/fixtures/v2/manifest.json",
        "hashed_secret": "ceb3f80cc2019f542cecd3616f1e940155c16596",
        "is_verified": false,
        "line_number": 165
      },
      {
        "type": "Base64 High Entropy String",
        "filename": "tests/fixtures/v2/manifest.json",
        "hashed_secret": "0214916ec6a346c205e1e38463847eecd9e5e081",
        "is_verified": false,
        "line_number": 235
      },
      {
        "type": "Base64 High Entropy String",
        "filename": "tests/fixtures/v2/manifest.json",
        "hashed_secret": "bb7118b5a745e789ebd87417bcfb068bf36147c3",
        "is_verified": false,
        "line_number": 236
      },
      {
        "type": "Hex High Entropy String",
        "filename": "tests/fixtures/v2/manifest.json",
        "hashed_secret": "50e4c8e3be9724bc78deaa28a488c1a4a23d9cce",
        "is_verified": false,
        "line_number": 270
      },
      {
        "type": "Secret Keyword",
        "filename": "tests/fixtures/v2/manifest.json",
        "hashed_secret": "314783783b99f665837eda8f176defae96d20ae7",
        "is_verified": false,
        "line_number": 315
      },
      {
        "type": "Hex High Entropy String",
        "filename": "tests/fixtures/v2/manifest.json",
        "hashed_secret": "02b8c39e872ade700c6578cdce56dea10b39190d",
        "is_verified": false,
        "line_number": 318
      },
      {
        "type": "Hex High Entropy String",
        "filename": "tests/fixtures/v2/manifest.json",
        "hashed_secret": "0cd1487d89bff5ac2d6d988a3b4b856a45664ec7",
        "is_verified": false,
        "line_number": 319
      }
    ],
    "tests/fixtures/v2/password_grant_header.json": [
      {
        "type": "Base64 High Entropy String",
        "filename": "tests/fixtures/v2/password_grant_header.json",
        "hashed_secret": "c2b8d72794293b895228d968df60ccbc335744eb",
        "is_verified": false,
        "line_number": 48
      },
      {
        "type": "Base64 High Entropy String",
        "filename": "tests/fixtures/v2/password_grant_header.json",
        "hashed_secret": "b7afc074000df283d75b3e9bdcae1e74d8eb9dd3",
        "is_verified": false,
        "line_number": 50
      }
    ],
    "tests/integration/test_cli.py": [
      {
        "type": "Secret Keyword",
        "filename": "tests/integration/test_cli.py",
        "hashed_secret": "8090f82bf765f8587134a8d0dd346e26429d01f7",
        "is_verified": false,
        "line_number": 64
      },
      {
        "type": "Secret Keyword",
        "filename": "tests/integration/test_cli.py",
        "hashed_secret": "833d0ecc58f3dad7d92079e44c6931f93ee7096e",
        "is_verified": false,
        "line_number": 94
      }
    ],
    "tests/integration/test_cli_workflows.py": [
      {
        "type": "Secret Keyword",
        "filename": "tests/integration/test_cli_workflows.py",
        "hashed_secret": "0ea1e65c276f457fa82a25f563643f30b9f6edab",
        "is_verified": false,
        "line_number": 21
      },
      {
        "type": "Secret Keyword",
        "filename": "tests/integration/test_cli_workflows.py",
        "hashed_secret": "cd7ede946088652a24eb73d892d7815b1ffb7d63",
        "is_verified": false,
        "line_number": 43
      },
      {
        "type": "Secret Keyword",
        "filename": "tests/integration/test_cli_workflows.py",
        "hashed_secret": "75ff646bbadd7196fdf5bac7a03e824c8d6fa17b",
        "is_verified": false,
        "line_number": 71
      },
      {
        "type": "Secret Keyword",
        "filename": "tests/integration/test_cli_workflows.py",
        "hashed_secret": "de55cc0a9ea7e372697d3aa652beaf9ed202fd0b",
        "is_verified": false,
        "line_number": 96
      },
      {
        "type": "Secret Keyword",
        "filename": "tests/integration/test_cli_workflows.py",
        "hashed_secret": "166b9c3048f6d9b6b74f5d8412e78bb159a1ff2a",
        "is_verified": false,
        "line_number": 214
      },
      {
        "type": "Secret Keyword",
        "filename": "tests/integration/test_cli_workflows.py",
        "hashed_secret": "055854a9e54b6a01d737ef1fa3bdda68f20b5ab7",
        "is_verified": false,
        "line_number": 215
      }
    ],
    "tests/unit/test_cli_args.py": [
      {
        "type": "Base64 High Entropy String",
        "filename": "tests/unit/test_cli_args.py",
        "hashed_secret": "65654a0890aff84ba8044b3d6d1b32931ab740df",
        "is_verified": false,
        "line_number": 1068
      }
    ],
    "tests/unit/test_core.py": [
      {
        "type": "Hex High Entropy String",
        "filename": "tests/unit/test_core.py",
        "hashed_secret": "4fe6d794b01f2fd6c61d6ad136c2c6893e65a507",
        "is_verified": false,
        "line_number": 48
      },
      {
        "type": "Secret Keyword",
        "filename": "tests/unit/test_core.py",
        "hashed_secret": "88e2ebae57a86519dede9ef57632afe17f5f5804",
        "is_verified": false,
        "line_number": 150
      }
    ],
    "tests/unit/test_core_coverage.py": [
      {
        "type": "Private Key",
        "filename": "tests/unit/test_core_coverage.py",
        "hashed_secret": "1348b145fa1a555461c1b790a2f66614781091e9",
        "is_verified": false,
        "line_number": 201
      }
    ],
    "tests/unit/test_v2_cli_e2e.py": [
      {
        "type": "Secret Keyword",
        "filename": "tests/unit/test_v2_cli_e2e.py",
        "hashed_secret": "abf7aad6438836dbe526aa231abde2d0eef74d42",
        "is_verified": false,
        "line_number": 25
      }
    ]
  },
  "generated_at": "2026-09-12T23:24:04Z"
}
